// Jest Snapshot v1, https://goo.gl/fbAQLP

exports[`the Main.js working correctly it render the correct items snapshots 1`] = `
<div>
  <h1>
    Hello, World
  </h1>
  <input
    onChange={[Function]}
    placeholder="input"
    type="text"
  />
  <button
    data-testid="button"
    onClick={[Function]}
  >
    Button
  </button>
</div>
`;
